Analysis & Synthesis report for randomSegmento
Tue Nov 20 12:03:07 2018
Quartus II 64-Bit Version 13.0.1 Build 232 06/12/2013 Service Pack 1 SJ Web Edition


---------------------
; Table of Contents ;
---------------------
  1. Legal Notice
  2. Analysis & Synthesis Summary
  3. Analysis & Synthesis Settings
  4. Parallel Compilation
  5. Analysis & Synthesis Source Files Read
  6. Analysis & Synthesis Resource Usage Summary
  7. Analysis & Synthesis Resource Utilization by Entity
  8. Registers Removed During Synthesis
  9. General Register Statistics
 10. Parameter Settings for Inferred Entity Instance: lpm_divide:Mod0
 11. Parameter Settings for Inferred Entity Instance: lpm_divide:Mod1
 12. Parameter Settings for Inferred Entity Instance: lpm_mult:Mult0
 13. Parameter Settings for Inferred Entity Instance: lpm_divide:Mod2
 14. lpm_mult Parameter Settings by Entity Instance
 15. Elapsed Time Per Partition
 16. Analysis & Synthesis Messages



----------------
; Legal Notice ;
----------------
Copyright (C) 1991-2013 Altera Corporation
Your use of Altera Corporation's design tools, logic functions 
and other software and tools, and its AMPP partner logic 
functions, and any output files from any of the foregoing 
(including device programming or simulation files), and any 
associated documentation or information are expressly subject 
to the terms and conditions of the Altera Program License 
Subscription Agreement, Altera MegaCore Function License 
Agreement, or other applicable license agreement, including, 
without limitation, that your use is for the sole purpose of 
programming logic devices manufactured by Altera and sold by 
Altera or its authorized distributors.  Please refer to the 
applicable agreement for further details.



+--------------------------------------------------------------------------------------+
; Analysis & Synthesis Summary                                                         ;
+------------------------------------+-------------------------------------------------+
; Analysis & Synthesis Status        ; Successful - Tue Nov 20 12:03:07 2018           ;
; Quartus II 64-Bit Version          ; 13.0.1 Build 232 06/12/2013 SP 1 SJ Web Edition ;
; Revision Name                      ; randomSegmento                                  ;
; Top-level Entity Name              ; randomSegmento                                  ;
; Family                             ; Cyclone II                                      ;
; Total logic elements               ; 200                                             ;
;     Total combinational functions  ; 196                                             ;
;     Dedicated logic registers      ; 8                                               ;
; Total registers                    ; 8                                               ;
; Total pins                         ; 49                                              ;
; Total virtual pins                 ; 0                                               ;
; Total memory bits                  ; 0                                               ;
; Embedded Multiplier 9-bit elements ; 0                                               ;
; Total PLLs                         ; 0                                               ;
+------------------------------------+-------------------------------------------------+


+----------------------------------------------------------------------------------------------------------------------+
; Analysis & Synthesis Settings                                                                                        ;
+----------------------------------------------------------------------------+--------------------+--------------------+
; Option                                                                     ; Setting            ; Default Value      ;
+----------------------------------------------------------------------------+--------------------+--------------------+
; Device                                                                     ; EP2C20F484C7       ;                    ;
; Top-level entity name                                                      ; randomSegmento     ; randomSegmento     ;
; Family name                                                                ; Cyclone II         ; Cyclone IV GX      ;
; Use smart compilation                                                      ; Off                ; Off                ;
; Enable parallel Assembler and TimeQuest Timing Analyzer during compilation ; On                 ; On                 ;
; Enable compact report table                                                ; Off                ; Off                ;
; Restructure Multiplexers                                                   ; Auto               ; Auto               ;
; Create Debugging Nodes for IP Cores                                        ; Off                ; Off                ;
; Preserve fewer node names                                                  ; On                 ; On                 ;
; Disable OpenCore Plus hardware evaluation                                  ; Off                ; Off                ;
; Verilog Version                                                            ; Verilog_2001       ; Verilog_2001       ;
; VHDL Version                                                               ; VHDL_1993          ; VHDL_1993          ;
; State Machine Processing                                                   ; Auto               ; Auto               ;
; Safe State Machine                                                         ; Off                ; Off                ;
; Extract Verilog State Machines                                             ; On                 ; On                 ;
; Extract VHDL State Machines                                                ; On                 ; On                 ;
; Ignore Verilog initial constructs                                          ; Off                ; Off                ;
; Iteration limit for constant Verilog loops                                 ; 5000               ; 5000               ;
; Iteration limit for non-constant Verilog loops                             ; 250                ; 250                ;
; Add Pass-Through Logic to Inferred RAMs                                    ; On                 ; On                 ;
; Infer RAMs from Raw Logic                                                  ; On                 ; On                 ;
; Parallel Synthesis                                                         ; On                 ; On                 ;
; DSP Block Balancing                                                        ; Auto               ; Auto               ;
; NOT Gate Push-Back                                                         ; On                 ; On                 ;
; Power-Up Don't Care                                                        ; On                 ; On                 ;
; Remove Redundant Logic Cells                                               ; Off                ; Off                ;
; Remove Duplicate Registers                                                 ; On                 ; On                 ;
; Ignore CARRY Buffers                                                       ; Off                ; Off                ;
; Ignore CASCADE Buffers                                                     ; Off                ; Off                ;
; Ignore GLOBAL Buffers                                                      ; Off                ; Off                ;
; Ignore ROW GLOBAL Buffers                                                  ; Off                ; Off                ;
; Ignore LCELL Buffers                                                       ; Off                ; Off                ;
; Ignore SOFT Buffers                                                        ; On                 ; On                 ;
; Limit AHDL Integers to 32 Bits                                             ; Off                ; Off                ;
; Optimization Technique                                                     ; Balanced           ; Balanced           ;
; Carry Chain Length                                                         ; 70                 ; 70                 ;
; Auto Carry Chains                                                          ; On                 ; On                 ;
; Auto Open-Drain Pins                                                       ; On                 ; On                 ;
; Perform WYSIWYG Primitive Resynthesis                                      ; Off                ; Off                ;
; Auto ROM Replacement                                                       ; On                 ; On                 ;
; Auto RAM Replacement                                                       ; On                 ; On                 ;
; Auto Shift Register Replacement                                            ; Auto               ; Auto               ;
; Allow Shift Register Merging across Hierarchies                            ; Auto               ; Auto               ;
; Auto Clock Enable Replacement                                              ; On                 ; On                 ;
; Strict RAM Replacement                                                     ; Off                ; Off                ;
; Allow Synchronous Control Signals                                          ; On                 ; On                 ;
; Force Use of Synchronous Clear Signals                                     ; Off                ; Off                ;
; Auto RAM to Logic Cell Conversion                                          ; Off                ; Off                ;
; Auto Resource Sharing                                                      ; Off                ; Off                ;
; Allow Any RAM Size For Recognition                                         ; Off                ; Off                ;
; Allow Any ROM Size For Recognition                                         ; Off                ; Off                ;
; Allow Any Shift Register Size For Recognition                              ; Off                ; Off                ;
; Use LogicLock Constraints during Resource Balancing                        ; On                 ; On                 ;
; Ignore translate_off and synthesis_off directives                          ; Off                ; Off                ;
; Timing-Driven Synthesis                                                    ; Off                ; Off                ;
; Report Parameter Settings                                                  ; On                 ; On                 ;
; Report Source Assignments                                                  ; On                 ; On                 ;
; Report Connectivity Checks                                                 ; On                 ; On                 ;
; Ignore Maximum Fan-Out Assignments                                         ; Off                ; Off                ;
; Synchronization Register Chain Length                                      ; 2                  ; 2                  ;
; PowerPlay Power Optimization                                               ; Normal compilation ; Normal compilation ;
; HDL message level                                                          ; Level2             ; Level2             ;
; Suppress Register Optimization Related Messages                            ; Off                ; Off                ;
; Number of Removed Registers Reported in Synthesis Report                   ; 5000               ; 5000               ;
; Number of Swept Nodes Reported in Synthesis Report                         ; 5000               ; 5000               ;
; Number of Inverted Registers Reported in Synthesis Report                  ; 100                ; 100                ;
; Clock MUX Protection                                                       ; On                 ; On                 ;
; Auto Gated Clock Conversion                                                ; Off                ; Off                ;
; Block Design Naming                                                        ; Auto               ; Auto               ;
; SDC constraint protection                                                  ; Off                ; Off                ;
; Synthesis Effort                                                           ; Auto               ; Auto               ;
; Shift Register Replacement - Allow Asynchronous Clear Signal               ; On                 ; On                 ;
; Pre-Mapping Resynthesis Optimization                                       ; Off                ; Off                ;
; Analysis & Synthesis Message Level                                         ; Medium             ; Medium             ;
; Disable Register Merging Across Hierarchies                                ; Auto               ; Auto               ;
; Resource Aware Inference For Block RAM                                     ; On                 ; On                 ;
; Synthesis Seed                                                             ; 1                  ; 1                  ;
+----------------------------------------------------------------------------+--------------------+--------------------+


Parallel compilation was disabled, but you have multiple processors available. Enable parallel compilation to reduce compilation time.
+-------------------------------------+
; Parallel Compilation                ;
+----------------------------+--------+
; Processors                 ; Number ;
+----------------------------+--------+
; Number detected on machine ; 2      ;
; Maximum allowed            ; 1      ;
+----------------------------+--------+


+--------------------------------------------------------------------------------------------------------------------------------------------------------------------------------------------------------------------+
; Analysis & Synthesis Source Files Read                                                                                                                                                                             ;
+----------------------------------+-----------------+------------------------------+----------------------------------------------------------------------------------------------------------------------+---------+
; File Name with User-Entered Path ; Used in Netlist ; File Type                    ; File Name with Absolute Path                                                                                         ; Library ;
+----------------------------------+-----------------+------------------------------+----------------------------------------------------------------------------------------------------------------------+---------+
; randomSegmento.vhd               ; yes             ; User VHDL File               ; C:/Users/juanlink/Desktop/Proyecto/Proyecto_Arquitectura_II_Tragamonedas/random7segmentos/randomSegmento.vhd         ;         ;
; lpm_divide.tdf                   ; yes             ; Megafunction                 ; c:/altera/13.0sp1/quartus/libraries/megafunctions/lpm_divide.tdf                                                     ;         ;
; abs_divider.inc                  ; yes             ; Megafunction                 ; c:/altera/13.0sp1/quartus/libraries/megafunctions/abs_divider.inc                                                    ;         ;
; sign_div_unsign.inc              ; yes             ; Megafunction                 ; c:/altera/13.0sp1/quartus/libraries/megafunctions/sign_div_unsign.inc                                                ;         ;
; aglobal130.inc                   ; yes             ; Megafunction                 ; c:/altera/13.0sp1/quartus/libraries/megafunctions/aglobal130.inc                                                     ;         ;
; db/lpm_divide_s7m.tdf            ; yes             ; Auto-Generated Megafunction  ; C:/Users/juanlink/Desktop/Proyecto/Proyecto_Arquitectura_II_Tragamonedas/random7segmentos/db/lpm_divide_s7m.tdf      ;         ;
; db/sign_div_unsign_3nh.tdf       ; yes             ; Auto-Generated Megafunction  ; C:/Users/juanlink/Desktop/Proyecto/Proyecto_Arquitectura_II_Tragamonedas/random7segmentos/db/sign_div_unsign_3nh.tdf ;         ;
; db/alt_u_div_85f.tdf             ; yes             ; Auto-Generated Megafunction  ; C:/Users/juanlink/Desktop/Proyecto/Proyecto_Arquitectura_II_Tragamonedas/random7segmentos/db/alt_u_div_85f.tdf       ;         ;
; db/add_sub_lkc.tdf               ; yes             ; Auto-Generated Megafunction  ; C:/Users/juanlink/Desktop/Proyecto/Proyecto_Arquitectura_II_Tragamonedas/random7segmentos/db/add_sub_lkc.tdf         ;         ;
; db/add_sub_mkc.tdf               ; yes             ; Auto-Generated Megafunction  ; C:/Users/juanlink/Desktop/Proyecto/Proyecto_Arquitectura_II_Tragamonedas/random7segmentos/db/add_sub_mkc.tdf         ;         ;
; lpm_mult.tdf                     ; yes             ; Megafunction                 ; c:/altera/13.0sp1/quartus/libraries/megafunctions/lpm_mult.tdf                                                       ;         ;
; lpm_add_sub.inc                  ; yes             ; Megafunction                 ; c:/altera/13.0sp1/quartus/libraries/megafunctions/lpm_add_sub.inc                                                    ;         ;
; multcore.inc                     ; yes             ; Megafunction                 ; c:/altera/13.0sp1/quartus/libraries/megafunctions/multcore.inc                                                       ;         ;
; bypassff.inc                     ; yes             ; Megafunction                 ; c:/altera/13.0sp1/quartus/libraries/megafunctions/bypassff.inc                                                       ;         ;
; altshift.inc                     ; yes             ; Megafunction                 ; c:/altera/13.0sp1/quartus/libraries/megafunctions/altshift.inc                                                       ;         ;
; multcore.tdf                     ; yes             ; Megafunction                 ; c:/altera/13.0sp1/quartus/libraries/megafunctions/multcore.tdf                                                       ;         ;
; csa_add.inc                      ; yes             ; Megafunction                 ; c:/altera/13.0sp1/quartus/libraries/megafunctions/csa_add.inc                                                        ;         ;
; mpar_add.inc                     ; yes             ; Megafunction                 ; c:/altera/13.0sp1/quartus/libraries/megafunctions/mpar_add.inc                                                       ;         ;
; muleabz.inc                      ; yes             ; Megafunction                 ; c:/altera/13.0sp1/quartus/libraries/megafunctions/muleabz.inc                                                        ;         ;
; mul_lfrg.inc                     ; yes             ; Megafunction                 ; c:/altera/13.0sp1/quartus/libraries/megafunctions/mul_lfrg.inc                                                       ;         ;
; mul_boothc.inc                   ; yes             ; Megafunction                 ; c:/altera/13.0sp1/quartus/libraries/megafunctions/mul_boothc.inc                                                     ;         ;
; alt_ded_mult.inc                 ; yes             ; Megafunction                 ; c:/altera/13.0sp1/quartus/libraries/megafunctions/alt_ded_mult.inc                                                   ;         ;
; alt_ded_mult_y.inc               ; yes             ; Megafunction                 ; c:/altera/13.0sp1/quartus/libraries/megafunctions/alt_ded_mult_y.inc                                                 ;         ;
; dffpipe.inc                      ; yes             ; Megafunction                 ; c:/altera/13.0sp1/quartus/libraries/megafunctions/dffpipe.inc                                                        ;         ;
; mpar_add.tdf                     ; yes             ; Megafunction                 ; c:/altera/13.0sp1/quartus/libraries/megafunctions/mpar_add.tdf                                                       ;         ;
; altshift.tdf                     ; yes             ; Megafunction                 ; c:/altera/13.0sp1/quartus/libraries/megafunctions/altshift.tdf                                                       ;         ;
+----------------------------------+-----------------+------------------------------+----------------------------------------------------------------------------------------------------------------------+---------+


+-------------------------------------------------------------------------------------------------------------------------------------------------------+
; Analysis & Synthesis Resource Usage Summary                                                                                                           ;
+---------------------------------------------+---------------------------------------------------------------------------------------------------------+
; Resource                                    ; Usage                                                                                                   ;
+---------------------------------------------+---------------------------------------------------------------------------------------------------------+
; Estimated Total logic elements              ; 200                                                                                                     ;
;                                             ;                                                                                                         ;
; Total combinational functions               ; 196                                                                                                     ;
; Logic element usage by number of LUT inputs ;                                                                                                         ;
;     -- 4 input functions                    ; 29                                                                                                      ;
;     -- 3 input functions                    ; 50                                                                                                      ;
;     -- <=2 input functions                  ; 117                                                                                                     ;
;                                             ;                                                                                                         ;
; Logic elements by mode                      ;                                                                                                         ;
;     -- normal mode                          ; 79                                                                                                      ;
;     -- arithmetic mode                      ; 117                                                                                                     ;
;                                             ;                                                                                                         ;
; Total registers                             ; 8                                                                                                       ;
;     -- Dedicated logic registers            ; 8                                                                                                       ;
;     -- I/O registers                        ; 0                                                                                                       ;
;                                             ;                                                                                                         ;
; I/O pins                                    ; 49                                                                                                      ;
; Embedded Multiplier 9-bit elements          ; 0                                                                                                       ;
; Maximum fan-out node                        ; lpm_divide:Mod0|lpm_divide_s7m:auto_generated|sign_div_unsign_3nh:divider|alt_u_div_85f:divider|op_9~38 ;
; Maximum fan-out                             ; 23                                                                                                      ;
; Total fan-out                               ; 486                                                                                                     ;
; Average fan-out                             ; 1.92                                                                                                    ;
+---------------------------------------------+---------------------------------------------------------------------------------------------------------+


+-------------------------------------------------------------------------------------------------------------------------------------------------------------------------------------------------------------------------------------------------------------------------------------+
; Analysis & Synthesis Resource Utilization by Entity                                                                                                                                                                                                                                 ;
+----------------------------------------+-------------------+--------------+-------------+--------------+---------+-----------+------+--------------+-----------------------------------------------------------------------------------------------------------------+--------------+
; Compilation Hierarchy Node             ; LC Combinationals ; LC Registers ; Memory Bits ; DSP Elements ; DSP 9x9 ; DSP 18x18 ; Pins ; Virtual Pins ; Full Hierarchy Name                                                                                             ; Library Name ;
+----------------------------------------+-------------------+--------------+-------------+--------------+---------+-----------+------+--------------+-----------------------------------------------------------------------------------------------------------------+--------------+
; |randomSegmento                        ; 196 (31)          ; 8 (8)        ; 0           ; 0            ; 0       ; 0         ; 49   ; 0            ; |randomSegmento                                                                                                 ; work         ;
;    |lpm_divide:Mod0|                   ; 55 (0)            ; 0 (0)        ; 0           ; 0            ; 0       ; 0         ; 0    ; 0            ; |randomSegmento|lpm_divide:Mod0                                                                                 ; work         ;
;       |lpm_divide_s7m:auto_generated|  ; 55 (0)            ; 0 (0)        ; 0           ; 0            ; 0       ; 0         ; 0    ; 0            ; |randomSegmento|lpm_divide:Mod0|lpm_divide_s7m:auto_generated                                                   ; work         ;
;          |sign_div_unsign_3nh:divider| ; 55 (0)            ; 0 (0)        ; 0           ; 0            ; 0       ; 0         ; 0    ; 0            ; |randomSegmento|lpm_divide:Mod0|lpm_divide_s7m:auto_generated|sign_div_unsign_3nh:divider                       ; work         ;
;             |alt_u_div_85f:divider|    ; 55 (55)           ; 0 (0)        ; 0           ; 0            ; 0       ; 0         ; 0    ; 0            ; |randomSegmento|lpm_divide:Mod0|lpm_divide_s7m:auto_generated|sign_div_unsign_3nh:divider|alt_u_div_85f:divider ; work         ;
;    |lpm_divide:Mod1|                   ; 55 (0)            ; 0 (0)        ; 0           ; 0            ; 0       ; 0         ; 0    ; 0            ; |randomSegmento|lpm_divide:Mod1                                                                                 ; work         ;
;       |lpm_divide_s7m:auto_generated|  ; 55 (0)            ; 0 (0)        ; 0           ; 0            ; 0       ; 0         ; 0    ; 0            ; |randomSegmento|lpm_divide:Mod1|lpm_divide_s7m:auto_generated                                                   ; work         ;
;          |sign_div_unsign_3nh:divider| ; 55 (0)            ; 0 (0)        ; 0           ; 0            ; 0       ; 0         ; 0    ; 0            ; |randomSegmento|lpm_divide:Mod1|lpm_divide_s7m:auto_generated|sign_div_unsign_3nh:divider                       ; work         ;
;             |alt_u_div_85f:divider|    ; 55 (55)           ; 0 (0)        ; 0           ; 0            ; 0       ; 0         ; 0    ; 0            ; |randomSegmento|lpm_divide:Mod1|lpm_divide_s7m:auto_generated|sign_div_unsign_3nh:divider|alt_u_div_85f:divider ; work         ;
;    |lpm_divide:Mod2|                   ; 55 (0)            ; 0 (0)        ; 0           ; 0            ; 0       ; 0         ; 0    ; 0            ; |randomSegmento|lpm_divide:Mod2                                                                                 ; work         ;
;       |lpm_divide_s7m:auto_generated|  ; 55 (0)            ; 0 (0)        ; 0           ; 0            ; 0       ; 0         ; 0    ; 0            ; |randomSegmento|lpm_divide:Mod2|lpm_divide_s7m:auto_generated                                                   ; work         ;
;          |sign_div_unsign_3nh:divider| ; 55 (0)            ; 0 (0)        ; 0           ; 0            ; 0       ; 0         ; 0    ; 0            ; |randomSegmento|lpm_divide:Mod2|lpm_divide_s7m:auto_generated|sign_div_unsign_3nh:divider                       ; work         ;
;             |alt_u_div_85f:divider|    ; 55 (55)           ; 0 (0)        ; 0           ; 0            ; 0       ; 0         ; 0    ; 0            ; |randomSegmento|lpm_divide:Mod2|lpm_divide_s7m:auto_generated|sign_div_unsign_3nh:divider|alt_u_div_85f:divider ; work         ;
+----------------------------------------+-------------------+--------------+-------------+--------------+---------+-----------+------+--------------+-----------------------------------------------------------------------------------------------------------------+--------------+
Note: For table entries with two numbers listed, the numbers in parentheses indicate the number of resources of the given type used by the specific entity alone. The numbers listed outside of parentheses indicate the total resources of the given type used by the specific entity and all of its sub-entities in the hierarchy.


+---------------------------------------------------------------------------------+
; Registers Removed During Synthesis                                              ;
+----------------------------------------+----------------------------------------+
; Register name                          ; Reason for Removal                     ;
+----------------------------------------+----------------------------------------+
; count_i1[5..19]                        ; Stuck at GND due to stuck port data_in ;
; count_i2[5..19]                        ; Stuck at GND due to stuck port data_in ;
; count_i3[5..19]                        ; Stuck at GND due to stuck port data_in ;
; count_i3[4]                            ; Merged with count_i1[4]                ;
; count_i2[4]                            ; Merged with count_i1[4]                ;
; count_i3[3]                            ; Merged with count_i1[3]                ;
; count_i2[3]                            ; Merged with count_i1[3]                ;
; count_i3[0]                            ; Merged with count_i1[3]                ;
; count_i3[2]                            ; Merged with count_i1[2]                ;
; count_i2[0,2]                          ; Merged with count_i1[2]                ;
; count_i3[1]                            ; Merged with count_i1[1]                ;
; count_i2[1]                            ; Merged with count_i1[1]                ;
; count_i1[0]                            ; Merged with count_i1[1]                ;
; Total Number of Removed Registers = 56 ;                                        ;
+----------------------------------------+----------------------------------------+


+------------------------------------------------------+
; General Register Statistics                          ;
+----------------------------------------------+-------+
; Statistic                                    ; Value ;
+----------------------------------------------+-------+
; Total registers                              ; 8     ;
; Number of registers using Synchronous Clear  ; 0     ;
; Number of registers using Synchronous Load   ; 0     ;
; Number of registers using Asynchronous Clear ; 0     ;
; Number of registers using Asynchronous Load  ; 0     ;
; Number of registers using Clock Enable       ; 0     ;
; Number of registers using Preset             ; 0     ;
+----------------------------------------------+-------+


+------------------------------------------------------------------+
; Parameter Settings for Inferred Entity Instance: lpm_divide:Mod0 ;
+------------------------+----------------+------------------------+
; Parameter Name         ; Value          ; Type                   ;
+------------------------+----------------+------------------------+
; LPM_WIDTHN             ; 20             ; Untyped                ;
; LPM_WIDTHD             ; 20             ; Untyped                ;
; LPM_NREPRESENTATION    ; UNSIGNED       ; Untyped                ;
; LPM_DREPRESENTATION    ; UNSIGNED       ; Untyped                ;
; LPM_PIPELINE           ; 0              ; Untyped                ;
; LPM_REMAINDERPOSITIVE  ; TRUE           ; Untyped                ;
; MAXIMIZE_SPEED         ; 5              ; Untyped                ;
; CBXI_PARAMETER         ; lpm_divide_s7m ; Untyped                ;
; CARRY_CHAIN            ; MANUAL         ; Untyped                ;
; OPTIMIZE_FOR_SPEED     ; 5              ; Untyped                ;
; AUTO_CARRY_CHAINS      ; ON             ; AUTO_CARRY             ;
; IGNORE_CARRY_BUFFERS   ; OFF            ; IGNORE_CARRY           ;
; AUTO_CASCADE_CHAINS    ; ON             ; AUTO_CASCADE           ;
; IGNORE_CASCADE_BUFFERS ; OFF            ; IGNORE_CASCADE         ;
+------------------------+----------------+------------------------+
Note: In order to hide this table in the UI and the text report file, please set the "Show Parameter Settings in Synthesis Report" option in "Analysis and Synthesis Settings -> More Settings" to "Off".


+------------------------------------------------------------------+
; Parameter Settings for Inferred Entity Instance: lpm_divide:Mod1 ;
+------------------------+----------------+------------------------+
; Parameter Name         ; Value          ; Type                   ;
+------------------------+----------------+------------------------+
; LPM_WIDTHN             ; 20             ; Untyped                ;
; LPM_WIDTHD             ; 20             ; Untyped                ;
; LPM_NREPRESENTATION    ; UNSIGNED       ; Untyped                ;
; LPM_DREPRESENTATION    ; UNSIGNED       ; Untyped                ;
; LPM_PIPELINE           ; 0              ; Untyped                ;
; LPM_REMAINDERPOSITIVE  ; TRUE           ; Untyped                ;
; MAXIMIZE_SPEED         ; 5              ; Untyped                ;
; CBXI_PARAMETER         ; lpm_divide_s7m ; Untyped                ;
; CARRY_CHAIN            ; MANUAL         ; Untyped                ;
; OPTIMIZE_FOR_SPEED     ; 5              ; Untyped                ;
; AUTO_CARRY_CHAINS      ; ON             ; AUTO_CARRY             ;
; IGNORE_CARRY_BUFFERS   ; OFF            ; IGNORE_CARRY           ;
; AUTO_CASCADE_CHAINS    ; ON             ; AUTO_CASCADE           ;
; IGNORE_CASCADE_BUFFERS ; OFF            ; IGNORE_CASCADE         ;
+------------------------+----------------+------------------------+
Note: In order to hide this table in the UI and the text report file, please set the "Show Parameter Settings in Synthesis Report" option in "Analysis and Synthesis Settings -> More Settings" to "Off".


+-----------------------------------------------------------------------------------+
; Parameter Settings for Inferred Entity Instance: lpm_mult:Mult0                   ;
+------------------------------------------------+------------+---------------------+
; Parameter Name                                 ; Value      ; Type                ;
+------------------------------------------------+------------+---------------------+
; AUTO_CARRY_CHAINS                              ; ON         ; AUTO_CARRY          ;
; IGNORE_CARRY_BUFFERS                           ; OFF        ; IGNORE_CARRY        ;
; AUTO_CASCADE_CHAINS                            ; ON         ; AUTO_CASCADE        ;
; IGNORE_CASCADE_BUFFERS                         ; OFF        ; IGNORE_CASCADE      ;
; LPM_WIDTHA                                     ; 3          ; Untyped             ;
; LPM_WIDTHB                                     ; 3          ; Untyped             ;
; LPM_WIDTHP                                     ; 6          ; Untyped             ;
; LPM_WIDTHR                                     ; 6          ; Untyped             ;
; LPM_WIDTHS                                     ; 1          ; Untyped             ;
; LPM_REPRESENTATION                             ; SIGNED     ; Untyped             ;
; LPM_PIPELINE                                   ; 0          ; Untyped             ;
; LATENCY                                        ; 0          ; Untyped             ;
; INPUT_A_IS_CONSTANT                            ; NO         ; Untyped             ;
; INPUT_B_IS_CONSTANT                            ; YES        ; Untyped             ;
; USE_EAB                                        ; OFF        ; Untyped             ;
; MAXIMIZE_SPEED                                 ; 5          ; Untyped             ;
; DEVICE_FAMILY                                  ; Cyclone II ; Untyped             ;
; CARRY_CHAIN                                    ; MANUAL     ; Untyped             ;
; APEX20K_TECHNOLOGY_MAPPER                      ; LUT        ; TECH_MAPPER_APEX20K ;
; DEDICATED_MULTIPLIER_CIRCUITRY                 ; AUTO       ; Untyped             ;
; DEDICATED_MULTIPLIER_MIN_INPUT_WIDTH_FOR_AUTO  ; 0          ; Untyped             ;
; DEDICATED_MULTIPLIER_MIN_OUTPUT_WIDTH_FOR_AUTO ; 0          ; Untyped             ;
; CBXI_PARAMETER                                 ; NOTHING    ; Untyped             ;
; INPUT_A_FIXED_VALUE                            ; Bx         ; Untyped             ;
; INPUT_B_FIXED_VALUE                            ; Bx         ; Untyped             ;
; USE_AHDL_IMPLEMENTATION                        ; OFF        ; Untyped             ;
+------------------------------------------------+------------+---------------------+
Note: In order to hide this table in the UI and the text report file, please set the "Show Parameter Settings in Synthesis Report" option in "Analysis and Synthesis Settings -> More Settings" to "Off".


+------------------------------------------------------------------+
; Parameter Settings for Inferred Entity Instance: lpm_divide:Mod2 ;
+------------------------+----------------+------------------------+
; Parameter Name         ; Value          ; Type                   ;
+------------------------+----------------+------------------------+
; LPM_WIDTHN             ; 20             ; Untyped                ;
; LPM_WIDTHD             ; 20             ; Untyped                ;
; LPM_NREPRESENTATION    ; UNSIGNED       ; Untyped                ;
; LPM_DREPRESENTATION    ; UNSIGNED       ; Untyped                ;
; LPM_PIPELINE           ; 0              ; Untyped                ;
; LPM_REMAINDERPOSITIVE  ; TRUE           ; Untyped                ;
; MAXIMIZE_SPEED         ; 5              ; Untyped                ;
; CBXI_PARAMETER         ; lpm_divide_s7m ; Untyped                ;
; CARRY_CHAIN            ; MANUAL         ; Untyped                ;
; OPTIMIZE_FOR_SPEED     ; 5              ; Untyped                ;
; AUTO_CARRY_CHAINS      ; ON             ; AUTO_CARRY             ;
; IGNORE_CARRY_BUFFERS   ; OFF            ; IGNORE_CARRY           ;
; AUTO_CASCADE_CHAINS    ; ON             ; AUTO_CASCADE           ;
; IGNORE_CASCADE_BUFFERS ; OFF            ; IGNORE_CASCADE         ;
+------------------------+----------------+------------------------+
Note: In order to hide this table in the UI and the text report file, please set the "Show Parameter Settings in Synthesis Report" option in "Analysis and Synthesis Settings -> More Settings" to "Off".


+--------------------------------------------------------+
; lpm_mult Parameter Settings by Entity Instance         ;
+---------------------------------------+----------------+
; Name                                  ; Value          ;
+---------------------------------------+----------------+
; Number of entity instances            ; 1              ;
; Entity Instance                       ; lpm_mult:Mult0 ;
;     -- LPM_WIDTHA                     ; 3              ;
;     -- LPM_WIDTHB                     ; 3              ;
;     -- LPM_WIDTHP                     ; 6              ;
;     -- LPM_REPRESENTATION             ; SIGNED         ;
;     -- INPUT_A_IS_CONSTANT            ; NO             ;
;     -- INPUT_B_IS_CONSTANT            ; YES            ;
;     -- USE_EAB                        ; OFF            ;
;     -- DEDICATED_MULTIPLIER_CIRCUITRY ; AUTO           ;
;     -- INPUT_A_FIXED_VALUE            ; Bx             ;
;     -- INPUT_B_FIXED_VALUE            ; Bx             ;
+---------------------------------------+----------------+


+-------------------------------+
; Elapsed Time Per Partition    ;
+----------------+--------------+
; Partition Name ; Elapsed Time ;
+----------------+--------------+
; Top            ; 00:00:01     ;
+----------------+--------------+


+-------------------------------+
; Analysis & Synthesis Messages ;
+-------------------------------+
Info: *******************************************************************
Info: Running Quartus II 64-Bit Analysis & Synthesis
    Info: Version 13.0.1 Build 232 06/12/2013 Service Pack 1 SJ Web Edition
    Info: Processing started: Tue Nov 20 12:03:03 2018
Info: Command: quartus_map --read_settings_files=on --write_settings_files=off randomSegmento -c randomSegmento
Warning (20028): Parallel compilation is not licensed and has been disabled
Info (12021): Found 2 design units, including 1 entities, in source file randomsegmento.vhd
    Info (12022): Found design unit 1: randomSegmento-random_arq
    Info (12023): Found entity 1: randomSegmento
Info (12127): Elaborating entity "randomSegmento" for the top level hierarchy
Warning (10492): VHDL Process Statement warning at randomSegmento.vhd(50): signal "count_i1" is read inside the Process Statement but isn't in the Process Statement's sensitivity list
Warning (10492): VHDL Process Statement warning at randomSegmento.vhd(54): signal "count_i2" is read inside the Process Statement but isn't in the Process Statement's sensitivity list
Warning (10492): VHDL Process Statement warning at randomSegmento.vhd(59): signal "count_i3" is read inside the Process Statement but isn't in the Process Statement's sensitivity list
Warning (10492): VHDL Process Statement warning at randomSegmento.vhd(64): signal "seg1" is read inside the Process Statement but isn't in the Process Statement's sensitivity list
Warning (10492): VHDL Process Statement warning at randomSegmento.vhd(75): signal "seg2" is read inside the Process Statement but isn't in the Process Statement's sensitivity list
Warning (10492): VHDL Process Statement warning at randomSegmento.vhd(86): signal "seg3" is read inside the Process Statement but isn't in the Process Statement's sensitivity list
Warning (10492): VHDL Process Statement warning at randomSegmento.vhd(97): signal "segmento1" is read inside the Process Statement but isn't in the Process Statement's sensitivity list
Warning (10492): VHDL Process Statement warning at randomSegmento.vhd(98): signal "segmento2" is read inside the Process Statement but isn't in the Process Statement's sensitivity list
Warning (10492): VHDL Process Statement warning at randomSegmento.vhd(99): signal "Segmento3" is read inside the Process Statement but isn't in the Process Statement's sensitivity list
Warning (10492): VHDL Process Statement warning at randomSegmento.vhd(102): signal "seg1_tmp" is read inside the Process Statement but isn't in the Process Statement's sensitivity list
Warning (10492): VHDL Process Statement warning at randomSegmento.vhd(102): signal "seg2_tmp" is read inside the Process Statement but isn't in the Process Statement's sensitivity list
Warning (10492): VHDL Process Statement warning at randomSegmento.vhd(102): signal "seg3_tmp" is read inside the Process Statement but isn't in the Process Statement's sensitivity list
Warning (10492): VHDL Process Statement warning at randomSegmento.vhd(103): signal "seg1_tmp" is read inside the Process Statement but isn't in the Process Statement's sensitivity list
Warning (10492): VHDL Process Statement warning at randomSegmento.vhd(103): signal "seg2_tmp" is read inside the Process Statement but isn't in the Process Statement's sensitivity list
Warning (10492): VHDL Process Statement warning at randomSegmento.vhd(103): signal "seg3_tmp" is read inside the Process Statement but isn't in the Process Statement's sensitivity list
Warning (10492): VHDL Process Statement warning at randomSegmento.vhd(104): signal "seg3_tmp" is read inside the Process Statement but isn't in the Process Statement's sensitivity list
Warning (10492): VHDL Process Statement warning at randomSegmento.vhd(104): signal "seg2_tmp" is read inside the Process Statement but isn't in the Process Statement's sensitivity list
Warning (10492): VHDL Process Statement warning at randomSegmento.vhd(104): signal "seg1_tmp" is read inside the Process Statement but isn't in the Process Statement's sensitivity list
Warning (10492): VHDL Process Statement warning at randomSegmento.vhd(105): signal "seg1_tmp" is read inside the Process Statement but isn't in the Process Statement's sensitivity list
Warning (10492): VHDL Process Statement warning at randomSegmento.vhd(105): signal "seg2_tmp" is read inside the Process Statement but isn't in the Process Statement's sensitivity list
Warning (10492): VHDL Process Statement warning at randomSegmento.vhd(105): signal "seg3_tmp" is read inside the Process Statement but isn't in the Process Statement's sensitivity list
Warning (10492): VHDL Process Statement warning at randomSegmento.vhd(106): signal "seg1_tmp" is read inside the Process Statement but isn't in the Process Statement's sensitivity list
Warning (10492): VHDL Process Statement warning at randomSegmento.vhd(106): signal "seg2_tmp" is read inside the Process Statement but isn't in the Process Statement's sensitivity list
Warning (10492): VHDL Process Statement warning at randomSegmento.vhd(106): signal "seg3_tmp" is read inside the Process Statement but isn't in the Process Statement's sensitivity list
Info (278001): Inferred 4 megafunctions from design logic
    Info (278004): Inferred divider/modulo megafunction ("lpm_divide") from the following logic: "Mod0"
    Info (278004): Inferred divider/modulo megafunction ("lpm_divide") from the following logic: "Mod1"
    Info (278003): Inferred multiplier megafunction ("lpm_mult") from the following logic: "Mult0"
    Info (278004): Inferred divider/modulo megafunction ("lpm_divide") from the following logic: "Mod2"
Info (12130): Elaborated megafunction instantiation "lpm_divide:Mod0"
Info (12133): Instantiated megafunction "lpm_divide:Mod0" with the following parameter:
    Info (12134): Parameter "LPM_WIDTHN" = "20"
    Info (12134): Parameter "LPM_WIDTHD" = "20"
    Info (12134): Parameter "LPM_NREPRESENTATION" = "UNSIGNED"
    Info (12134): Parameter "LPM_DREPRESENTATION" = "UNSIGNED"
Info (12021): Found 1 design units, including 1 entities, in source file db/lpm_divide_s7m.tdf
    Info (12023): Found entity 1: lpm_divide_s7m
Info (12021): Found 1 design units, including 1 entities, in source file db/sign_div_unsign_3nh.tdf
    Info (12023): Found entity 1: sign_div_unsign_3nh
Info (12021): Found 1 design units, including 1 entities, in source file db/alt_u_div_85f.tdf
    Info (12023): Found entity 1: alt_u_div_85f
Info (12021): Found 1 design units, including 1 entities, in source file db/add_sub_lkc.tdf
    Info (12023): Found entity 1: add_sub_lkc
Info (12021): Found 1 design units, including 1 entities, in source file db/add_sub_mkc.tdf
    Info (12023): Found entity 1: add_sub_mkc
Info (12130): Elaborated megafunction instantiation "lpm_mult:Mult0"
Info (12133): Instantiated megafunction "lpm_mult:Mult0" with the following parameter:
    Info (12134): Parameter "LPM_WIDTHA" = "3"
    Info (12134): Parameter "LPM_WIDTHB" = "3"
    Info (12134): Parameter "LPM_WIDTHP" = "6"
    Info (12134): Parameter "LPM_WIDTHR" = "6"
    Info (12134): Parameter "LPM_WIDTHS" = "1"
    Info (12134): Parameter "LPM_REPRESENTATION" = "SIGNED"
    Info (12134): Parameter "INPUT_A_IS_CONSTANT" = "NO"
    Info (12134): Parameter "INPUT_B_IS_CONSTANT" = "YES"
    Info (12134): Parameter "MAXIMIZE_SPEED" = "5"
Info (12131): Elaborated megafunction instantiation "lpm_mult:Mult0|multcore:mult_core", which is child of megafunction instantiation "lpm_mult:Mult0"
Info (12131): Elaborated megafunction instantiation "lpm_mult:Mult0|multcore:mult_core|mpar_add:padder", which is child of megafunction instantiation "lpm_mult:Mult0"
Info (12131): Elaborated megafunction instantiation "lpm_mult:Mult0|altshift:external_latency_ffs", which is child of megafunction instantiation "lpm_mult:Mult0"
Warning (13034): The following nodes have both tri-state and non-tri-state drivers
    Warning (13035): Inserted always-enabled tri-state buffer between "segmento1[0]" and its non-tri-state driver.
    Warning (13035): Inserted always-enabled tri-state buffer between "segmento1[3]" and its non-tri-state driver.
    Warning (13035): Inserted always-enabled tri-state buffer between "segmento1[6]" and its non-tri-state driver.
    Warning (13035): Inserted always-enabled tri-state buffer between "segmento2[0]" and its non-tri-state driver.
    Warning (13035): Inserted always-enabled tri-state buffer between "segmento2[3]" and its non-tri-state driver.
    Warning (13035): Inserted always-enabled tri-state buffer between "segmento2[6]" and its non-tri-state driver.
    Warning (13035): Inserted always-enabled tri-state buffer between "Segmento3[0]" and its non-tri-state driver.
    Warning (13035): Inserted always-enabled tri-state buffer between "Segmento3[3]" and its non-tri-state driver.
    Warning (13035): Inserted always-enabled tri-state buffer between "Segmento3[6]" and its non-tri-state driver.
Warning (13032): The following tri-state nodes are fed by constants
    Warning (13033): The pin "segmento1[1]" is fed by VCC
    Warning (13033): The pin "segmento1[2]" is fed by VCC
    Warning (13033): The pin "segmento1[4]" is fed by VCC
    Warning (13033): The pin "segmento1[5]" is fed by VCC
    Warning (13033): The pin "segmento2[1]" is fed by VCC
    Warning (13033): The pin "segmento2[2]" is fed by VCC
    Warning (13033): The pin "segmento2[4]" is fed by VCC
    Warning (13033): The pin "segmento2[5]" is fed by VCC
    Warning (13033): The pin "Segmento3[1]" is fed by VCC
    Warning (13033): The pin "Segmento3[2]" is fed by VCC
    Warning (13033): The pin "Segmento3[4]" is fed by VCC
    Warning (13033): The pin "Segmento3[5]" is fed by VCC
    Warning (13033): The pin "Segmento4[0]" is fed by VCC
    Warning (13033): The pin "Segmento4[1]" is fed by VCC
    Warning (13033): The pin "Segmento4[2]" is fed by VCC
    Warning (13033): The pin "Segmento4[3]" is fed by VCC
    Warning (13033): The pin "Segmento4[4]" is fed by VCC
    Warning (13033): The pin "Segmento4[5]" is fed by VCC
    Warning (13033): The pin "Segmento4[6]" is fed by VCC
Info (13060): One or more bidirs are fed by always enabled tri-state buffers
    Info (13061): Fan-out of permanently enabled tri-state buffer feeding bidir "segmento1[0]" is moved to its source
    Info (13061): Fan-out of permanently enabled tri-state buffer feeding bidir "segmento1[1]" is moved to its source
    Info (13061): Fan-out of permanently enabled tri-state buffer feeding bidir "segmento1[2]" is moved to its source
    Info (13061): Fan-out of permanently enabled tri-state buffer feeding bidir "segmento1[3]" is moved to its source
    Info (13061): Fan-out of permanently enabled tri-state buffer feeding bidir "segmento1[4]" is moved to its source
    Info (13061): Fan-out of permanently enabled tri-state buffer feeding bidir "segmento1[5]" is moved to its source
    Info (13061): Fan-out of permanently enabled tri-state buffer feeding bidir "segmento1[6]" is moved to its source
    Info (13061): Fan-out of permanently enabled tri-state buffer feeding bidir "segmento2[0]" is moved to its source
    Info (13061): Fan-out of permanently enabled tri-state buffer feeding bidir "segmento2[1]" is moved to its source
    Info (13061): Fan-out of permanently enabled tri-state buffer feeding bidir "segmento2[2]" is moved to its source
    Info (13061): Fan-out of permanently enabled tri-state buffer feeding bidir "segmento2[3]" is moved to its source
    Info (13061): Fan-out of permanently enabled tri-state buffer feeding bidir "segmento2[4]" is moved to its source
    Info (13061): Fan-out of permanently enabled tri-state buffer feeding bidir "segmento2[5]" is moved to its source
    Info (13061): Fan-out of permanently enabled tri-state buffer feeding bidir "segmento2[6]" is moved to its source
    Info (13061): Fan-out of permanently enabled tri-state buffer feeding bidir "Segmento3[0]" is moved to its source
    Info (13061): Fan-out of permanently enabled tri-state buffer feeding bidir "Segmento3[1]" is moved to its source
    Info (13061): Fan-out of permanently enabled tri-state buffer feeding bidir "Segmento3[2]" is moved to its source
    Info (13061): Fan-out of permanently enabled tri-state buffer feeding bidir "Segmento3[3]" is moved to its source
    Info (13061): Fan-out of permanently enabled tri-state buffer feeding bidir "Segmento3[4]" is moved to its source
    Info (13061): Fan-out of permanently enabled tri-state buffer feeding bidir "Segmento3[5]" is moved to its source
    Info (13061): Fan-out of permanently enabled tri-state buffer feeding bidir "Segmento3[6]" is moved to its source
Warning (13009): TRI or OPNDRN buffers permanently enabled
    Warning (13010): Node "segmento1[0]~synth"
    Warning (13010): Node "segmento1[1]~synth"
    Warning (13010): Node "segmento1[2]~synth"
    Warning (13010): Node "segmento1[3]~synth"
    Warning (13010): Node "segmento1[4]~synth"
    Warning (13010): Node "segmento1[5]~synth"
    Warning (13010): Node "segmento1[6]~synth"
    Warning (13010): Node "segmento2[0]~synth"
    Warning (13010): Node "segmento2[1]~synth"
    Warning (13010): Node "segmento2[2]~synth"
    Warning (13010): Node "segmento2[3]~synth"
    Warning (13010): Node "segmento2[4]~synth"
    Warning (13010): Node "segmento2[5]~synth"
    Warning (13010): Node "segmento2[6]~synth"
    Warning (13010): Node "Segmento3[0]~synth"
    Warning (13010): Node "Segmento3[1]~synth"
    Warning (13010): Node "Segmento3[2]~synth"
    Warning (13010): Node "Segmento3[3]~synth"
    Warning (13010): Node "Segmento3[4]~synth"
    Warning (13010): Node "Segmento3[5]~synth"
    Warning (13010): Node "Segmento3[6]~synth"
    Warning (13010): Node "Segmento4[0]~synth"
    Warning (13010): Node "Segmento4[1]~synth"
    Warning (13010): Node "Segmento4[2]~synth"
    Warning (13010): Node "Segmento4[3]~synth"
    Warning (13010): Node "Segmento4[4]~synth"
    Warning (13010): Node "Segmento4[5]~synth"
    Warning (13010): Node "Segmento4[6]~synth"
Info (16010): Generating hard_block partition "hard_block:auto_generated_inst"
    Info (16011): Adding 0 node(s), including 0 DDIO, 0 PLL, 0 transceiver and 0 LCELL
Info (21057): Implemented 249 device resources after synthesis - the final resource count might be different
    Info (21058): Implemented 2 input pins
    Info (21059): Implemented 19 output pins
    Info (21060): Implemented 28 bidirectional pins
    Info (21061): Implemented 200 logic cells
Info: Quartus II 64-Bit Analysis & Synthesis was successful. 0 errors, 84 warnings
    Info: Peak virtual memory: 506 megabytes
    Info: Processing ended: Tue Nov 20 12:03:07 2018
    Info: Elapsed time: 00:00:04
    Info: Total CPU time (on all processors): 00:00:04


